// Jest Snapshot v1, https://goo.gl/fbAQLP

exports[`WinScreen component WinScreen correctly renders after relaunch 1`] = `
<div
  className="result-success"
  id="result-success"
>
  <section
    className="result"
  >
    <div
      className="result__logo"
    >
      <img
        alt="Угадай мелодию"
        height="83"
        src="img/melody-logo.png"
        width="186"
      />
    </div>
    <h2
      className="result__title"
    >
      Вы настоящий меломан!
    </h2>
    <p
      className="result__total"
    >
      За 
      NaN
       минуты и 
      1
       секунд вы набрали 
      0
       балла, совершив 
      0
       ошибки
    </p>
    <p
      className="result__text"
    >
      Хотите сравнить свой результат с предыдущими попытками?
    </p>
    <p
      className="result__text"
    >
      Представтесь!
    </p>
    <form
      action=""
      className="login_form"
    >
      <p
        className="login_field"
      >
        <label
          className="login_label"
          htmlFor="name"
        >
          Логин
        </label>
        <input
          className="login_input"
          id="name"
          name="name"
          type="text"
        />
      </p>
      <p
        className="login_field"
      >
        <label
          className="login_label"
          htmlFor="password"
        >
          Пароль
        </label>
        <input
          className="login_input"
          id="password"
          name="password"
          type="text"
        />
        <span
          className="login_error"
        >
          Неверный пароль
        </span>
      </p>
      <button
        className="login_button button"
        type="submit"
      >
        Войти
      </button>
    </form>
    <a
      className="result__replay"
      href="/"
      onClick={[Function]}
      type="button"
    >
      Сыграть ещё раз
    </a>
  </section>
</div>
`;
